2026-09-18 01:40:14.956: [INFO] CurrentProfilePath: C:\dev_program\sts_workspace\.metadata\.plugins\org.eclipse.swt\EBWebView\Default
2026-09-18 01:40:14.956: [INFO] Profiles total count: 1
2026-09-18 01:40:14.956: [INFO] Profile: name=프로필 1 path=C:\dev_program\sts_workspace\.metadata\.plugins\org.eclipse.swt\EBWebView\Default lastActive=null
2026-09-18 01:40:14.956: [INFO] LastUsedProfileDir: C:\dev_program\sts_workspace\.metadata\.plugins\org.eclipse.swt\EBWebView\Default
2026-09-18 01:40:14.956: [INFO] OnDoneLoading sync enabled: 0
2026-09-18 01:40:14.956: [INFO] BookmarkModelLoaded, ids_reassigned: 0
2026-09-18 01:40:14.956: [INFO] BookmarksLoadDropped droppedNodes=0
2026-09-18 01:40:14.956: [INFO] BookmarksSnapshot Startup total=0 bar=0 other=0 mobile=0 showBar=0 showBarNTP=1
2026-09-18 01:42:49.051: [INFO] BookmarksSnapshot Shutdown total=0 bar=0 other=0 mobile=0 showBar=0 showBarNTP=1
2026-09-18 04:32:17.977: [INFO] CurrentProfilePath: C:\dev_program\sts_workspace\.metadata\.plugins\org.eclipse.swt\EBWebView\Default
2026-09-18 04:32:17.977: [INFO] Profiles total count: 1
2026-09-18 04:32:17.977: [INFO] Profile: name=프로필 1 path=C:\dev_program\sts_workspace\.metadata\.plugins\org.eclipse.swt\EBWebView\Default lastActive=null
2026-09-18 04:32:17.977: [INFO] LastUsedProfileDir: C:\dev_program\sts_workspace\.metadata\.plugins\org.eclipse.swt\EBWebView\Default
2026-09-18 04:32:17.977: [INFO] OnDoneLoading sync enabled: 0
2026-09-18 04:32:17.977: [INFO] BookmarkModelLoaded, ids_reassigned: 0
2026-09-18 04:32:17.977: [INFO] BookmarksLoadDropped droppedNodes=0
2026-09-18 04:32:17.977: [INFO] BookmarksSnapshot Startup total=0 bar=0 other=0 mobile=0 showBar=0 showBarNTP=1
2026-09-18 08:52:47.553: [INFO] BookmarksSnapshot Shutdown total=0 bar=0 other=0 mobile=0 showBar=0 showBarNTP=1
2026-09-20 22:52:01.345: [INFO] CurrentProfilePath: C:\dev_program\sts_workspace\.metadata\.plugins\org.eclipse.swt\EBWebView\Default
2026-09-20 22:52:01.345: [INFO] Profiles total count: 1
2026-09-20 22:52:01.345: [INFO] Profile: name=프로필 1 path=C:\dev_program\sts_workspace\.metadata\.plugins\org.eclipse.swt\EBWebView\Default lastActive=2026-09-18T04:32:21.484Z
2026-09-20 22:52:01.345: [INFO] LastUsedProfileDir: C:\dev_program\sts_workspace\.metadata\.plugins\org.eclipse.swt\EBWebView\Default
2026-09-20 22:52:01.345: [INFO] MostRecentlyActiveProfile: name=프로필 1 path=C:\dev_program\sts_workspace\.metadata\.plugins\org.eclipse.swt\EBWebView\Default lastActive=2026-09-18T04:32:21.484Z
2026-09-20 22:52:01.345: [INFO] OnDoneLoading sync enabled: 0
2026-09-20 22:52:01.345: [INFO] BookmarkModelLoaded, ids_reassigned: 0
2026-09-20 22:52:01.345: [INFO] BookmarksLoadDropped droppedNodes=0
2026-09-20 22:52:01.345: [INFO] BookmarksSnapshot Startup total=0 bar=0 other=0 mobile=0 showBar=0 showBarNTP=1
2026-09-21 08:57:07.358: [INFO] BookmarksSnapshot Shutdown total=0 bar=0 other=0 mobile=0 showBar=0 showBarNTP=1
2026-09-21 22:38:09.772: [INFO] CurrentProfilePath: C:\dev_program\sts_workspace\.metadata\.plugins\org.eclipse.swt\EBWebView\Default
2026-09-21 22:38:09.772: [INFO] Profiles total count: 1
2026-09-21 22:38:09.772: [INFO] Profile: name=프로필 1 path=C:\dev_program\sts_workspace\.metadata\.plugins\org.eclipse.swt\EBWebView\Default lastActive=2026-09-18T04:32:21.484Z
2026-09-21 22:38:09.772: [INFO] LastUsedProfileDir: C:\dev_program\sts_workspace\.metadata\.plugins\org.eclipse.swt\EBWebView\Default
2026-09-21 22:38:09.772: [INFO] MostRecentlyActiveProfile: name=프로필 1 path=C:\dev_program\sts_workspace\.metadata\.plugins\org.eclipse.swt\EBWebView\Default lastActive=2026-09-18T04:32:21.484Z
2026-09-21 22:38:09.772: [INFO] OnDoneLoading sync enabled: 0
2026-09-21 22:38:09.772: [INFO] BookmarkModelLoaded, ids_reassigned: 0
2026-09-21 22:38:09.772: [INFO] BookmarksLoadDropped droppedNodes=0
2026-09-21 22:38:09.772: [INFO] BookmarksSnapshot Startup total=0 bar=0 other=0 mobile=0 showBar=0 showBarNTP=1
2026-09-22 08:40:18.917: [INFO] BookmarksSnapshot Shutdown total=0 bar=0 other=0 mobile=0 showBar=0 showBarNTP=1
